
> rest-express@1.0.0 check
> tsc

