============================================================
TEST 1: Register ADMIN user
============================================================
Status Code: 400
Response: {
  "username": [
    "A user with that username already exists."
  ],
  "email": [
    "A user with this email already exists."
  ]
}

============================================================
TEST 2: Login as ADMIN (should require 2FA enrollment)
============================================================
Status Code: 200
Response: {
  "refresh": "eyJhbGciOiJIUzI1NiIsInR5cCI6IkpXVCJ9.eyJ0b2tlbl90eXBlIjoicmVmcmVzaCIsImV4cCI6MTc2NjY2NjgwNCwiaWF0IjoxNzY2NTgwNDA0LCJqdGkiOiIyM2I0ZmVlMTAwY2Y0OGQyYjY5ZGI5NTY4ODhmOGVkYiIsInVzZXJfaWQiOjMsInJvbGUiOiJMRUFSTkVSIiwiZW1haWwiOiJhZG1pbl90ZXN0QGV4YW1wbGUuY29tIn0.q1iAN_WK1C6sAVLPgqpOyaWWePvgvDot0kDkhq3FbqA",
  "access": "eyJhbGciOiJIUzI1NiIsInR5cCI6IkpXVCJ9.eyJ0b2tlbl90eXBlIjoiYWNjZXNzIiwiZXhwIjoxNzY2NTgxMzA0LCJpYXQiOjE3NjY1ODA0MDQsImp0aSI6IjcwZjU1YzgyMDQ1MDRiNGRiZjEwMjIzZDE2ODU1NjEyIiwidXNlcl9pZCI6Mywicm9sZSI6IkxFQVJORVIiLCJlbWFpbCI6ImFkbWluX3Rlc3RAZXhhbXBsZS5jb20ifQ.-ReqCVgZo6CSasSF0ICmDVFV8bXyxkV_wfpzo9_Ycvo",
  "role": "LEARNER",
  "user_id": 3
}

============================================================
TEST 3: Register USER (for comparison)
============================================================
Status Code: 400
Response: {
  "username": [
    "A user with that username already exists."
  ],
  "email": [
    "A user with this email already exists."
  ]
}

============================================================
TEST 4: Login as USER (should bypass 2FA)
============================================================
Status Code: 200
Response: {
  "refresh": "eyJhbGciOiJIUzI1NiIsInR5cCI6IkpXVCJ9.eyJ0b2tlbl90eXBlIjoicmVmcmVzaCIsImV4cCI6MTc2NjY2NjgwOSwiaWF0IjoxNzY2NTgwNDA5LCJqdGkiOiJlMjA0ZTAyNDI1M2Y0MzY1YTIzNzYzOTg3ZDg3ZWNkNSIsInVzZXJfaWQiOjQsInJvbGUiOiJMRUFSTkVSIiwiZW1haWwiOiJ1c2VyX3Rlc3RAZXhhbXBsZS5jb20ifQ.YLCWm64jiTaiQD7CXtfEiAL0_0pAztojgx0PwchawT8",
  "access": "eyJhbGciOiJIUzI1NiIsInR5cCI6IkpXVCJ9.eyJ0b2tlbl90eXBlIjoiYWNjZXNzIiwiZXhwIjoxNzY2NTgxMzA5LCJpYXQiOjE3NjY1ODA0MDksImp0aSI6ImViZTExMzg0NjQ0NzQ1ODRiZmIyMzJlOGI2ZWY0MTE5IiwidXNlcl9pZCI6NCwicm9sZSI6IkxFQVJORVIiLCJlbWFpbCI6InVzZXJfdGVzdEBleGFtcGxlLmNvbSJ9.OOU81N2CceET4G7ga8uZZDHVVUCz-ThFBhdYwbbgJGA",
  "role": "LEARNER",
  "user_id": 4
}
